<?php return array (
  0 => 'Symfony\\Bundle\\FrameworkBundle\\Controller\\AbstractController',
  1 => 'App\\Controller\\AffichemoyenController',
  2 => 'App\\Controller\\ApiContractController',
  3 => 'App\\Controller\\ApiLocationController',
  4 => 'App\\Controller\\Chart2Controller',
  5 => 'App\\Controller\\ChartController',
  6 => 'App\\Controller\\ChauffeurController',
  7 => 'App\\Controller\\ContinufrontController',
  8 => 'App\\Controller\\ContratController',
  9 => 'App\\Controller\\FrontChauffeurController',
  10 => 'App\\Controller\\FrontController',
  11 => 'App\\Controller\\FrontGuideController',
  12 => 'App\\Controller\\GuideController',
  13 => 'App\\Controller\\HomeController',
  14 => 'App\\Controller\\HomeadminController',
  15 => 'App\\Controller\\LigneController',
  16 => 'App\\Controller\\LocationController',
  17 => 'App\\Controller\\MoyentpController',
  18 => 'App\\Controller\\ReclamationController',
  19 => 'App\\Controller\\RegistrationController',
  20 => 'App\\Controller\\ReponseController',
  21 => 'App\\Controller\\ReservationLocationController',
  22 => 'App\\Controller\\ResetPasswordController',
  23 => 'App\\Controller\\SecurityController',
  24 => 'App\\Controller\\UserController',
  25 => 'App\\Entity\\Chauffeur',
  26 => 'App\\Entity\\Contrat',
  27 => 'App\\Entity\\Guide',
  28 => 'App\\Entity\\Ligne',
  29 => 'App\\Entity\\Location',
  30 => 'App\\Entity\\Moyentp',
  31 => 'App\\Entity\\Reclamation',
  32 => 'App\\Entity\\Reponse',
  33 => 'App\\Entity\\ResetPasswordRequest',
  34 => 'App\\Entity\\Role',
  35 => 'App\\Entity\\Trajet',
  36 => 'App\\Entity\\User',
  37 => 'Doctrine\\Bundle\\DoctrineBundle\\Controller\\ProfilerController',
  38 => 'Doctrine\\ORM\\Cache\\Persister\\Entity\\AbstractEntityPersister',
  39 => 'Doctrine\\ORM\\Cache\\Persister\\Entity\\CachedEntityPersister',
  40 => 'Doctrine\\ORM\\Cache\\Persister\\Entity\\NonStrictReadWriteCachedEntityPersister',
  41 => 'Doctrine\\ORM\\Cache\\Persister\\Entity\\ReadOnlyCachedEntityPersister',
  42 => 'Doctrine\\ORM\\Cache\\Persister\\Entity\\ReadWriteCachedEntityPersister',
  43 => 'Doctrine\\ORM\\Persisters\\Entity\\AbstractEntityInheritancePersister',
  44 => 'Doctrine\\ORM\\Persisters\\Entity\\BasicEntityPersister',
  45 => 'Doctrine\\ORM\\Persisters\\Entity\\CachedPersisterContext',
  46 => 'Doctrine\\ORM\\Persisters\\Entity\\EntityPersister',
  47 => 'Doctrine\\ORM\\Persisters\\Entity\\JoinedSubclassPersister',
  48 => 'Doctrine\\ORM\\Persisters\\Entity\\SingleTablePersister',
  49 => 'SymfonyCasts\\Bundle\\ResetPassword\\Controller\\ResetPasswordControllerTrait',
  51 => 'Symfony\\Bundle\\FrameworkBundle\\Controller\\ControllerResolver',
  52 => 'Symfony\\Bundle\\FrameworkBundle\\Controller\\RedirectController',
  53 => 'Symfony\\Bundle\\FrameworkBundle\\Controller\\TemplateController',
  54 => 'Symfony\\Bundle\\WebProfilerBundle\\Controller\\ExceptionPanelController',
  55 => 'Symfony\\Bundle\\WebProfilerBundle\\Controller\\ProfilerController',
  56 => 'Symfony\\Bundle\\WebProfilerBundle\\Controller\\RouterController',
  57 => 'Symfony\\Component\\HttpKernel\\Controller\\ArgumentResolver',
  58 => 'Symfony\\Component\\HttpKernel\\Controller\\ArgumentResolverInterface',
  59 => 'Symfony\\Component\\HttpKernel\\Controller\\ArgumentResolver\\DefaultValueResolver',
  60 => 'Symfony\\Component\\HttpKernel\\Controller\\ArgumentResolver\\NotTaggedControllerValueResolver',
  61 => 'Symfony\\Component\\HttpKernel\\Controller\\ArgumentResolver\\RequestAttributeValueResolver',
  62 => 'Symfony\\Component\\HttpKernel\\Controller\\ArgumentResolver\\RequestValueResolver',
  63 => 'Symfony\\Component\\HttpKernel\\Controller\\ArgumentResolver\\ServiceValueResolver',
  64 => 'Symfony\\Component\\HttpKernel\\Controller\\ArgumentResolver\\SessionValueResolver',
  65 => 'Symfony\\Component\\HttpKernel\\Controller\\ArgumentResolver\\TraceableValueResolver',
  66 => 'Symfony\\Component\\HttpKernel\\Controller\\ArgumentResolver\\VariadicValueResolver',
  67 => 'Symfony\\Component\\HttpKernel\\Controller\\ArgumentValueResolverInterface',
  68 => 'Symfony\\Component\\HttpKernel\\Controller\\ContainerControllerResolver',
  69 => 'Symfony\\Component\\HttpKernel\\Controller\\ControllerReference',
  70 => 'Symfony\\Component\\HttpKernel\\Controller\\ControllerResolver',
  71 => 'Symfony\\Component\\HttpKernel\\Controller\\ControllerResolverInterface',
  72 => 'Symfony\\Component\\HttpKernel\\Controller\\ErrorController',
  73 => 'Symfony\\Component\\HttpKernel\\Controller\\TraceableArgumentResolver',
  74 => 'Symfony\\Component\\HttpKernel\\Controller\\TraceableControllerResolver',
  75 => 'Symfony\\Component\\Security\\Http\\Controller\\UserValueResolver',
  76 => 'Twilio\\Rest\\Verify\\V2\\Service\\Entity\\ChallengeContext',
  77 => 'Twilio\\Rest\\Verify\\V2\\Service\\Entity\\ChallengeInstance',
  78 => 'Twilio\\Rest\\Verify\\V2\\Service\\Entity\\ChallengeList',
  79 => 'Twilio\\Rest\\Verify\\V2\\Service\\Entity\\ChallengeOptions',
  80 => 'Twilio\\Rest\\Verify\\V2\\Service\\Entity\\ChallengePage',
  81 => 'Twilio\\Rest\\Verify\\V2\\Service\\Entity\\Challenge\\NotificationInstance',
  82 => 'Twilio\\Rest\\Verify\\V2\\Service\\Entity\\Challenge\\NotificationList',
  83 => 'Twilio\\Rest\\Verify\\V2\\Service\\Entity\\Challenge\\NotificationOptions',
  84 => 'Twilio\\Rest\\Verify\\V2\\Service\\Entity\\Challenge\\NotificationPage',
  85 => 'Twilio\\Rest\\Verify\\V2\\Service\\Entity\\FactorContext',
  86 => 'Twilio\\Rest\\Verify\\V2\\Service\\Entity\\FactorInstance',
  87 => 'Twilio\\Rest\\Verify\\V2\\Service\\Entity\\FactorList',
  88 => 'Twilio\\Rest\\Verify\\V2\\Service\\Entity\\FactorOptions',
  89 => 'Twilio\\Rest\\Verify\\V2\\Service\\Entity\\FactorPage',
  90 => 'Twilio\\Rest\\Verify\\V2\\Service\\Entity\\NewFactorInstance',
  91 => 'Twilio\\Rest\\Verify\\V2\\Service\\Entity\\NewFactorList',
  92 => 'Twilio\\Rest\\Verify\\V2\\Service\\Entity\\NewFactorOptions',
  93 => 'Twilio\\Rest\\Verify\\V2\\Service\\Entity\\NewFactorPage',
);